[36mvite v7.3.6 [32mbuilding client environment for production...[36m[39m
transforming...
[32mÔ£ô[39m 12 modules transformed.
Ô£ù Build failed in 6.17s
error during build:
[vite-plugin-inspect-dom-simple] C:\Users\PC DE HAITHEM\Downloads\Kimi_Agent_Application IA sans bug\app\src\pages\Campaigns.tsx: Identifier 'campaigns' has already been declared. (101:8)

   99 |
  100 |   /* ÔöÇÔöÇ Fusion store + locales ÔöÇÔöÇÔöÇÔöÇÔöÇÔöÇÔöÇÔöÇÔöÇÔöÇÔöÇÔöÇÔöÇÔöÇÔöÇÔöÇÔöÇÔöÇÔöÇÔöÇÔöÇÔöÇÔöÇÔöÇÔöÇÔöÇÔöÇÔöÇÔöÇÔöÇÔöÇÔöÇÔöÇÔöÇÔöÇÔöÇÔöÇÔöÇÔöÇÔöÇÔöÇÔöÇÔöÇÔöÇ */
> 101 |   const campaigns = useMemo<StudioCampaign[]>(
      |         ^
  102 |     () => [...storeCampaigns.map(toStudio), ...locals],
  103 |     [storeCampaigns, locals],
  104 |   );
file: C:/Users/PC DE HAITHEM/Downloads/Kimi_Agent_Application IA sans bug/app/src/pages/Campaigns.tsx:101:8
    at constructor (C:\Users\PC DE HAITHEM\Downloads\Kimi_Agent_Application IA sans bug\app\node_modules\@babel\parser\lib\index.js:365:19)
    at TypeScriptParserMixin.raise (C:\Users\PC DE HAITHEM\Downloads\Kimi_Agent_Application IA sans bug\app\node_modules\@babel\parser\lib\index.js:6616:19)
    at TypeScriptScopeHandler.checkRedeclarationInScope (C:\Users\PC DE HAITHEM\Downloads\Kimi_Agent_Application IA sans bug\app\node_modules\@babel\parser\lib\index.js:1619:19)
    at TypeScriptScopeHandler.declareName (C:\Users\PC DE HAITHEM\Downloads\Kimi_Agent_Application IA sans bug\app\node_modules\@babel\parser\lib\index.js:1585:12)
    at TypeScriptScopeHandler.declareName (C:\Users\PC DE HAITHEM\Downloads\Kimi_Agent_Application IA sans bug\app\node_modules\@babel\parser\lib\index.js:4892:11)
    at TypeScriptParserMixin.declareNameFromIdentifier (C:\Users\PC DE HAITHEM\Downloads\Kimi_Agent_Application IA sans bug\app\node_modules\@babel\parser\lib\index.js:7584:16)
    at TypeScriptParserMixin.checkIdentifier (C:\Users\PC DE HAITHEM\Downloads\Kimi_Agent_Application IA sans bug\app\node_modules\@babel\parser\lib\index.js:7580:12)
    at TypeScriptParserMixin.checkLVal (C:\Users\PC DE HAITHEM\Downloads\Kimi_Agent_Application IA sans bug\app\node_modules\@babel\parser\lib\index.js:7517:12)
    at TypeScriptParserMixin.parseVarId (C:\Users\PC DE HAITHEM\Downloads\Kimi_Agent_Application IA sans bug\app\node_modules\@babel\parser\lib\index.js:13429:10)
    at TypeScriptParserMixin.parseVarId (C:\Users\PC DE HAITHEM\Downloads\Kimi_Agent_Application IA sans bug\app\node_modules\@babel\parser\lib\index.js:9769:11)
    at TypeScriptParserMixin.parseVar (C:\Users\PC DE HAITHEM\Downloads\Kimi_Agent_Application IA sans bug\app\node_modules\@babel\parser\lib\index.js:13400:12)
    at TypeScriptParserMixin.parseVarStatement (C:\Users\PC DE HAITHEM\Downloads\Kimi_Agent_Application IA sans bug\app\node_modules\@babel\parser\lib\index.js:13247:10)
    at TypeScriptParserMixin.parseVarStatement (C:\Users\PC DE HAITHEM\Downloads\Kimi_Agent_Application IA sans bug\app\node_modules\@babel\parser\lib\index.js:9425:31)
    at TypeScriptParserMixin.parseStatementContent (C:\Users\PC DE HAITHEM\Downloads\Kimi_Agent_Application IA sans bug\app\node_modules\@babel\parser\lib\index.js:12868:23)
    at TypeScriptParserMixin.parseStatementContent (C:\Users\PC DE HAITHEM\Downloads\Kimi_Agent_Application IA sans bug\app\node_modules\@babel\parser\lib\index.js:9525:18)
    at TypeScriptParserMixin.parseStatementLike (C:\Users\PC DE HAITHEM\Downloads\Kimi_Agent_Application IA sans bug\app\node_modules\@babel\parser\lib\index.js:12784:17)
    at TypeScriptParserMixin.parseStatementListItem (C:\Users\PC DE HAITHEM\Downloads\Kimi_Agent_Application IA sans bug\app\node_modules\@babel\parser\lib\index.js:12764:17)
    at TypeScriptParserMixin.parseBlockOrModuleBlockBody (C:\Users\PC DE HAITHEM\Downloads\Kimi_Agent_Application IA sans bug\app\node_modules\@babel\parser\lib\index.js:13333:61)
    at TypeScriptParserMixin.parseBlockBody (C:\Users\PC DE HAITHEM\Downloads\Kimi_Agent_Application IA sans bug\app\node_modules\@babel\parser\lib\index.js:13326:10)
    at TypeScriptParserMixin.parseBlock (C:\Users\PC DE HAITHEM\Downloads\Kimi_Agent_Application IA sans bug\app\node_modules\@babel\parser\lib\index.js:13314:10)
    at TypeScriptParserMixin.parseFunctionBody (C:\Users\PC DE HAITHEM\Downloads\Kimi_Agent_Application IA sans bug\app\node_modules\@babel\parser\lib\index.js:12117:24)
    at TypeScriptParserMixin.parseFunctionBodyAndFinish (C:\Users\PC DE HAITHEM\Downloads\Kimi_Agent_Application IA sans bug\app\node_modules\@babel\parser\lib\index.js:12103:10)
    at TypeScriptParserMixin.parseFunctionBodyAndFinish (C:\Users\PC DE HAITHEM\Downloads\Kimi_Agent_Application IA sans bug\app\node_modules\@babel\parser\lib\index.js:9189:18)
    at C:\Users\PC DE HAITHEM\Downloads\Kimi_Agent_Application IA sans bug\app\node_modules\@babel\parser\lib\index.js:13462:12
    at TypeScriptParserMixin.withSmartMixTopicForbiddingContext (C:\Users\PC DE HAITHEM\Downloads\Kimi_Agent_Application IA sans bug\app\node_modules\@babel\parser\lib\index.js:12420:14)
    at TypeScriptParserMixin.parseFunction (C:\Users\PC DE HAITHEM\Downloads\Kimi_Agent_Application IA sans bug\app\node_modules\@babel\parser\lib\index.js:13461:10)
    at TypeScriptParserMixin.parseExportDefaultExpression (C:\Users\PC DE HAITHEM\Downloads\Kimi_Agent_Application IA sans bug\app\node_modules\@babel\parser\lib\index.js:13924:19)
    at TypeScriptParserMixin.parseExportDefaultExpression (C:\Users\PC DE HAITHEM\Downloads\Kimi_Agent_Application IA sans bug\app\node_modules\@babel\parser\lib\index.js:9419:18)
    at TypeScriptParserMixin.parseExport (C:\Users\PC DE HAITHEM\Downloads\Kimi_Agent_Application IA sans bug\app\node_modules\@babel\parser\lib\index.js:13845:25)
    at TypeScriptParserMixin.parseExport (C:\Users\PC DE HAITHEM\Downloads\Kimi_Agent_Application IA sans bug\app\node_modules\@babel\parser\lib\index.js:9402:20)
    at TypeScriptParserMixin.parseStatementContent (C:\Users\PC DE HAITHEM\Downloads\Kimi_Agent_Application IA sans bug\app\node_modules\@babel\parser\lib\index.js:12895:27)
    at TypeScriptParserMixin.parseStatementContent (C:\Users\PC DE HAITHEM\Downloads\Kimi_Agent_Application IA sans bug\app\node_modules\@babel\parser\lib\index.js:9525:18)
    at TypeScriptParserMixin.parseStatementLike (C:\Users\PC DE HAITHEM\Downloads\Kimi_Agent_Application IA sans bug\app\node_modules\@babel\parser\lib\index.js:12784:17)
    at TypeScriptParserMixin.parseModuleItem (C:\Users\PC DE HAITHEM\Downloads\Kimi_Agent_Application IA sans bug\app\node_modules\@babel\parser\lib\index.js:12761:17)
    at TypeScriptParserMixin.parseBlockOrModuleBlockBody (C:\Users\PC DE HAITHEM\Downloads\Kimi_Agent_Application IA sans bug\app\node_modules\@babel\parser\lib\index.js:13333:36)
    at TypeScriptParserMixin.parseBlockBody (C:\Users\PC DE HAITHEM\Downloads\Kimi_Agent_Application IA sans bug\app\node_modules\@babel\parser\lib\index.js:13326:10)
    at TypeScriptParserMixin.parseProgram (C:\Users\PC DE HAITHEM\Downloads\Kimi_Agent_Application IA sans bug\app\node_modules\@babel\parser\lib\index.js:12639:10)
    at TypeScriptParserMixin.parseTopLevel (C:\Users\PC DE HAITHEM\Downloads\Kimi_Agent_Application IA sans bug\app\node_modules\@babel\parser\lib\index.js:12629:25)
    at TypeScriptParserMixin.parse (C:\Users\PC DE HAITHEM\Downloads\Kimi_Agent_Application IA sans bug\app\node_modules\@babel\parser\lib\index.js:14505:25)
    at TypeScriptParserMixin.parse (C:\Users\PC DE HAITHEM\Downloads\Kimi_Agent_Application IA sans bug\app\node_modules\@babel\parser\lib\index.js:10143:18)
    at parse (C:\Users\PC DE HAITHEM\Downloads\Kimi_Agent_Application IA sans bug\app\node_modules\@babel\parser\lib\index.js:14539:38)
    at parser (C:\Users\PC DE HAITHEM\Downloads\Kimi_Agent_Application IA sans bug\app\node_modules\@babel\core\lib\parser\index.js:41:34)
    at parser.next (<anonymous>)
    at parse (C:\Users\PC DE HAITHEM\Downloads\Kimi_Agent_Application IA sans bug\app\node_modules\@babel\core\lib\parse.js:25:37)
    at parse.next (<anonymous>)
    at evaluateSync (C:\Users\PC DE HAITHEM\Downloads\Kimi_Agent_Application IA sans bug\app\node_modules\gensync\index.js:251:28)
    at sync (C:\Users\PC DE HAITHEM\Downloads\Kimi_Agent_Application IA sans bug\app\node_modules\gensync\index.js:89:14)
    at stopHiding - secret - don't use this - v1 (C:\Users\PC DE HAITHEM\Downloads\Kimi_Agent_Application IA sans bug\app\node_modules\@babel\core\lib\errors\rewrite-stack-trace.js:47:12)
    at parse (C:\Users\PC DE HAITHEM\Downloads\Kimi_Agent_Application IA sans bug\app\node_modules\@babel\core\lib\parse.js:33:74)
    at Object.transform (file:///C:/Users/PC%20DE%20HAITHEM/Downloads/Kimi_Agent_Application%20IA%20sans%20bug/app/node_modules/plugin-inspect-react-code/dist/inspectAttr.mjs:1091:21)
